// Vitest Snapshot v1, https://vitest.dev/guide/snapshot.html

exports[`matches a snapshot 1`] = `
<div>
  <section
    class="_hero_518764"
  >
    <div
      class="_text_518764"
    >
      <h1
        class="_heroHeading_518764"
      >
        Clothes that are 
        <strong>
          more
        </strong>
         than fabric
      </h1>
      <p>
        Beautiful fits that encourage you to
         
        <strong>
          getÂ creative
        </strong>
      </p>
      <a
        class="_btn_518764"
        href="/products/"
      >
        Shop 
        <span
          class="_btnCaps_518764"
        >
          All Categories
        </span>
      </a>
    </div>
    <a
      class="_imgLink_518764"
      href="/products/"
    >
      <img
        alt="Shop these styles and more!"
        src="/src/assets/stylish-group.png"
      />
    </a>
  </section>
</div>
`;
